Filename                                                                                    Regions    Missed Regions     Cover   Functions  Missed Functions  Executed  Instantiations   Missed Insts.  Executed       Lines      Missed Lines     Cover
---------------------------------------------------------------------------------------------------------------------------------------------------------------------------------------------------------------------------------------------------------
dm/DM.cpp                                                                                       557               288    48.29%          54                21    61.11%              78              40    48.72%        1239               513    58.60%
dm/DMGpuSupport.h                                                                                 1                 0   300.00%           1                 0   100.00%               2               1    50.00%           6                 0   100.00%
---------------------------------------------------------------------------------------------------------------------------------------------------------------------------------------------------------------------------------------------------------
TOTAL                                                                                        353111            218801    38.36%       38763             20205    47.88%          376756          349035     7.36%      780922            488477    37.49%

Generated by llvm-cov -- llvm version 5.0.1git-b1e6cc76