Filename                                                                                    Regions    Missed Regions     Cover   Functions  Missed Functions  Executed  Instantiations   Missed Insts.  Executed       Lines      Missed Lines     Cover
---------------------------------------------------------------------------------------------------------------------------------------------------------------------------------------------------------------------------------------------------------
work/skia/tools/trace/SkEventTracingPriv.cpp                                                                      43                38    11.63%           3                 2    33.33%               3               2    33.33%          67                61     8.96%
work/skia/tools/trace/SkEventTracingPriv.h                                                                         1                 1     0.00%           1                 1     0.00%               1               1     0.00%           1                 1     0.00%
--------------------------------------------------------------------------------------------------------------------------------------------------------------------------------------------------------------------------------------------------------------------------
TOTAL                                                                                                         359994            219145    39.43%       39497             19988    49.39%          397204          367591     7.46%      794989            488570    38.58%

Generated by llvm-cov -- llvm version 5.0.1git-b1e6cc76